// Jest Snapshot v1, https://goo.gl/fbAQLP

exports[`should render Footer correctly 1`] = `
<footer
  className="footer"
>
  <div
    className="content-container"
  >
    <div
      className="footer__content"
    >
      <Link
        className="button button--link"
        replace={false}
        to="/"
      >
        Home
      </Link>
      <Link
        className="button button--link"
        replace={false}
        to="/privacy-policy"
      >
        Privacy Policy
      </Link>
      <Link
        className="button button--link"
        replace={false}
        to="/terms-of-service"
      >
        Terms of Service
      </Link>
    </div>
  </div>
</footer>
`;
